// Jest Snapshot v1, https://goo.gl/fbAQLP

exports[`<Dropdown /> should match snapshot 1`] = `
.c0 {
  visibility: hidden;
  opacity: 0;
  -webkit-transition: all 300ms ease-in-out;
  transition: all 300ms ease-in-out;
  visibility: visible;
  opacity: 1;
  position: absolute;
  top: 3rem;
  right: -4.5rem;
  width: 14.5rem;
  height: 15.2rem;
  background-color: #FFFFFF;
  border-radius: 0.8rem;
  box-shadow: 0px 4px 4px rgba(0,0,0,0.25);
  list-style: none;
}

.c1 {
  width: 100%;
  padding: 1rem 4.5rem;
  border-bottom: 0.1rem solid #BEBAB3;
}

.c1:last-child {
  border-bottom: none;
}

.c1:hover {
  cursor: pointer;
}

.c2 {
  color: #000000;
  text-align: center;
  font-size: 1.6rem;
  font-weight: 500;
  line-height: 1.8rem;
}

<ul
  class="c0"
>
  <li
    class="c1"
  >
    <p
      class="c2"
    >
      #HTML
    </p>
  </li>
  <li
    class="c1"
  >
    <p
      class="c2"
    >
      #UX
    </p>
  </li>
  <li
    class="c1"
  >
    <p
      class="c2"
    >
      #Swift
    </p>
  </li>
  <li
    class="c1"
  >
    <p
      class="c2"
    >
      #UI
    </p>
  </li>
</ul>
`;
