// Jest Snapshot v1, https://goo.gl/fbAQLP

exports[`<PageContainer /> should render <PageContainer /> correctly and match snapshot 1`] = `
.c0 {
  width: 100%;
  max-width: 114.6rem;
  min-height: 100vh;
  margin: 0 auto;
  overflow-x: hidden;
  display: -webkit-box;
  display: -webkit-flex;
  display: -ms-flexbox;
  display: flex;
  -webkit-align-items: center;
  -webkit-box-align: center;
  -ms-flex-align: center;
  align-items: center;
}

<div
  class="c0"
>
  <h1>
    Page container
  </h1>
</div>
`;
