// Jest Snapshot v1, https://goo.gl/fbAQLP

exports[`<HistoryNav /> should match snapshot 1`] = `
.c5 {
  width: 100%;
  max-width: 125rem;
  min-height: 100vh;
  margin: 0 auto;
  overflow-x: hidden;
  display: -webkit-box;
  display: -webkit-flex;
  display: -ms-flexbox;
  display: flex;
  -webkit-align-items: center;
  -webkit-box-align: center;
  -ms-flex-align: center;
  align-items: center;
  -webkit-box-pack: center;
  -webkit-justify-content: center;
  -ms-flex-pack: center;
  justify-content: center;
}

.c2 {
  width: 4.8rem;
  height: 4.8rem;
  position: fixed;
  top: 3.6rem;
  left: 7.5rem;
  z-index: 2;
}

.c2:hover {
  cursor: pointer;
}

.c3 {
  width: 100%;
  height: 100%;
}

.c7 {
  color: #3C3A36;
  font-size: 4rem;
  font-weight: 700;
  line-height: 4.2rem;
}

.c0 {
  z-index: 1;
  position: fixed;
  top: 0;
  right: 0;
  left: 0;
  height: 12rem;
  border-bottom: 0.1rem solid #BEBAB3;
}

.c0 .c4 {
  min-height: initial;
  height: 100%;
  -webkit-box-pack: start;
  -webkit-justify-content: flex-start;
  -ms-flex-pack: start;
  justify-content: flex-start;
  -webkit-align-items: center;
  -webkit-box-align: center;
  -ms-flex-align: center;
  align-items: center;
}

.c0 .c6 {
  z-index: 1;
  position: fixed;
  left: 14.7rem;
}

@media (max-width:974px) {
  .c0 .c1 {
    left: 5rem;
  }
}

@media (max-width:575px) {
  .c0 .c6 {
    left: 12rem;
    font-size: 3.2rem;
  }
}

<nav
  class="c0"
>
  <div
    class="c1 c2"
  >
    <img
      alt="Return button"
      class="c3"
      src="assets/images/back-icon.svg"
    />
  </div>
  <div
    class="c4 c5"
  >
    <h1
      class="c6 c7"
      font-size="large"
      font-weight="bold"
    >
      Seu hist√≥rico
    </h1>
  </div>
</nav>
`;
