// Jest Snapshot v1, https://goo.gl/fbAQLP

exports[`<QuizCard /> should match snapshot 1`] = `
.c0 {
  overflow: hidden;
  border: 0.1rem solid #BEBAB3;
  border-radius: 0.8rem;
  -webkit-filter: drop-shadow(0px 4px 4px rgba(0,0,0,0.25));
  filter: drop-shadow(0px 4px 4px rgba(0,0,0,0.25));
  width: 55.2rem;
  height: -webkit-fit-content;
  height: -moz-fit-content;
  height: fit-content;
  background-color: #FFFFFF;
}

.c0:hover {
  cursor: default;
}

.c1 {
  position: relative;
  width: 100%;
  height: 19.4rem;
  background-image: url(https://sujeitoprogramador.com/wp-content/uploads/2020/12/uiDesign-1.png);
  background-position: center;
  background-repeat: no-repeat;
  background-size: cover;
}

.c2 {
  width: 100%;
  padding: 1.6rem 1.6rem 0.8rem 1.6rem;
  display: -webkit-box;
  display: -webkit-flex;
  display: -ms-flexbox;
  display: flex;
  -webkit-flex-direction: column;
  -ms-flex-direction: column;
  flex-direction: column;
  -webkit-align-items: flex-start;
  -webkit-box-align: flex-start;
  -ms-flex-align: flex-start;
  align-items: flex-start;
  gap: 0.4rem;
}

.c3 {
  width: 100%;
  display: -webkit-box;
  display: -webkit-flex;
  display: -ms-flexbox;
  display: flex;
  -webkit-box-pack: justify;
  -webkit-justify-content: space-between;
  -ms-flex-pack: justify;
  justify-content: space-between;
}

.c4 {
  font-size: 1.2rem;
  font-weight: 500;
  color: #EF4949;
  text-align: center;
  line-height: 1.8rem;
}

.c5 {
  font-size: 1.2rem;
  font-weight: 500;
  color: #78746D;
  text-align: center;
  line-height: 1.8rem;
}

.c7 {
  font-size: 1.4rem;
  font-weight: 400;
  color: #3C3A36;
  text-align: center;
  line-height: 2.1rem;
}

.c6 {
  color: #3C3A36;
  font-size: 2.4rem;
  font-weight: 500;
  line-height: normal;
}

@media (max-width:1200px) {
  .c0 {
    width: 45rem;
  }
}

@media (max-width:974px) {
  .c0 {
    width: 55.2rem;
  }
}

@media (max-width:575px) {
  .c0 {
    width: 90vw;
  }

  .c0 p {
    text-align: start;
  }
}

<div
  class="c0"
>
  <div
    class="c1"
  />
  <div
    class="c2"
  >
    <div
      class="c3"
    >
      <p
        class="c4"
        color="error"
        font-size="small"
        font-weight="normal"
      >
        VocÃª acertou 1 de 3
      </p>
      <p
        class="c5"
        color="darkGray"
        font-size="small"
        font-weight="normal"
      >
        Em 2022-06-21 22:32
      </p>
    </div>
    <h3
      class="c6"
      font-size="small"
      font-weight="normal"
    >
      UI
    </h3>
    <p
      class="c7"
      color="dark"
      font-size="medium"
      font-weight="light"
    >
      Um quiz sobre UI que vai mudar sua vida!
    </p>
  </div>
</div>
`;
