// Jest Snapshot v1, https://goo.gl/fbAQLP

exports[`<QuizQuestionOptions /> should match snapshot 1`] = `
.c0 {
  width: 100%;
  display: -webkit-box;
  display: -webkit-flex;
  display: -ms-flexbox;
  display: flex;
  -webkit-flex-direction: column;
  -ms-flex-direction: column;
  flex-direction: column;
  gap: 2rem;
}

.c0 .correct-answer,
.c0 .wrong-answer {
  background-color: #FFF5EE;
}

.c0 .correct-answer {
  border: 0.2rem solid #5BA092;
}

.c0 .wrong-answer {
  border: 0.2rem solid #EF4949;
}

.c0 div:hover,
.c0 div input:hover,
.c0 div label:hover,
.c0 div label span:hover {
  cursor: pointer;
}

.c1 {
  width: 100%;
  border: 0.1rem solid #BEBAB3;
  border-radius: 0.8rem;
  padding: 1.6rem 2.4rem;
}

.c3 span {
  margin-right: 1.6rem;
  font-weight: 400;
  font-size: 1.6rem;
  line-height: 2.6rem;
  color: #3C3A36;
}

.c2 {
  visibility: hidden;
  width: 0;
  height: 0;
}

<div>
  <div
    class="c0"
    id="options-container"
  >
    <div
      class="c1"
      id="0"
    >
      <input
        class="c2"
        id="answer-0"
        name="quiz-option"
        type="radio"
      />
      <label
        class="c3"
        for="answer-0"
      >
        <span>
          A.
        </span>
        <span>
          Resposta 01
        </span>
      </label>
    </div>
    <div
      class="c1"
      id="1"
    >
      <input
        class="c2"
        id="answer-1"
        name="quiz-option"
        type="radio"
      />
      <label
        class="c3"
        for="answer-1"
      >
        <span>
          B.
        </span>
        <span>
          Resposta 02
        </span>
      </label>
    </div>
    <div
      class="c1"
      id="2"
    >
      <input
        class="c2"
        id="answer-2"
        name="quiz-option"
        type="radio"
      />
      <label
        class="c3"
        for="answer-2"
      >
        <span>
          C.
        </span>
        <span>
          Resposta 03
        </span>
      </label>
    </div>
  </div>
</div>
`;
